
--- Script parsing start ---

  Note: switch to strict mode


--- Function parsing start ---


--- Script parsing end ---

Parse error 'With statement not allowed in strict mode.' at line: 6 col: 3
