
--- Script parsing start ---

  Note: switch to strict mode


--- Script parsing end ---

Parse error 'Arguments cannot assigned in strict mode.' at line: 5 col: 10
