
--- Script parsing start ---

  Note: switch to strict mode


--- Script parsing end ---

Parse error 'Eval cannot assigned in strict mode.' at line: 6 col: 1
