
--- Script parsing start ---

  Note: switch to strict mode


--- Script parsing end ---

Parse error 'Eval is not allowed to use here in strict mode.' at line: 5 col: 5
