
--- Script parsing start ---

  Note: switch to strict mode


--- Script parsing end ---

Parse error 'With statement not allowed in strict mode.' at line: 5 col: 1
