
--- Script parsing start ---

  [  2] CBC_PUSH_TWO_LITERALS idx:0->ident(x) idx:1->ident(a)
  [  2] CBC_PROP_STRING_GET idx:2->string(default)
  [  1] CBC_STRICT_EQUAL
  [  0] CBC_BRANCH_IF_TRUE_FORWARD
  [  0] CBC_JUMP_FORWARD
  [  1] CBC_PUSH_IDENT idx:1->ident(a)
  [  0] CBC_BRANCH_IF_FALSE_FORWARD
  [  1] CBC_PUSH_IDENT idx:1->ident(a)
  [  1] CBC_PROP_STRING_GET idx:2->string(default)
  [  1] CBC_JUMP_FORWARD
  [  1] CBC_PUSH_IDENT idx:1->ident(a)
  [  1] CBC_PROP_STRING_GET idx:3->string(case)
  [  0] CBC_POP_BLOCK

Final byte code dump:

  Maximum stack depth: 2
  Literal encoding: small
  Argument range end: 0
  Register range end: 0
  Identifier range end: 2
  Const literal range end: 4
  Literal range end: 4

   0 : CBC_PUSH_TWO_LITERALS idx:0(ident)->ident(x) idx:1(ident)->ident(a)
   3 : CBC_PROP_STRING_GET idx:2(lit)->string(default)
   5 : CBC_STRICT_EQUAL
   6 : CBC_BRANCH_IF_TRUE_FORWARD offset:2(->8)
   8 : CBC_PUSH_IDENT idx:1(ident)->ident(a)
  10 : CBC_BRANCH_IF_FALSE_FORWARD offset:8(->18)
  12 : CBC_PUSH_IDENT idx:1(ident)->ident(a)
  14 : CBC_PROP_STRING_GET idx:2(lit)->string(default)
  16 : CBC_JUMP_FORWARD offset:6(->22)
  18 : CBC_PUSH_IDENT idx:1(ident)->ident(a)
  20 : CBC_PROP_STRING_GET idx:3(lit)->string(case)
  22 : CBC_POP_BLOCK
  23 : CBC_RETURN_WITH_UNDEFINED

Byte code size: 24 bytes

Script parsing successfully completed. Total byte code size: 24 bytes

--- Script parsing end ---

